exports[`test should match its last snapshot 1`] = `
<div
  className="container">
  <span>
    hello span!
  </span>
</div>
`;
